[    0.000000] Linux version 4.15.0-212-generic (buildd@lcy02-amd64-083) (gcc version 7.5.0 (Ubuntu 7.5.0-3ubuntu1~18.04)) #223-Ubuntu SMP Tue May 23 13:09:22 UTC 2023 (Ubuntu 4.15.0-212.223-generic 4.15.18)
[    0.000000] Command line: BOOT_IMAGE=/boot/vmlinuz-4.15.0-212-generic root=LABEL=cloudimg-rootfs ro console=tty1 console=ttyS0
[    0.000000] KERNEL supported cpus:
[    0.000000]   Intel GenuineIntel
[    0.000000]   AMD AuthenticAMD
[    0.000000]   Centaur CentaurHauls
[    0.000000] [Firmware Bug]: TSC doesn't count with P0 frequency!
[    0.000000] x86/fpu: x87 FPU will use FXSAVE
[    0.000000] e820: BIOS-provided physical RAM map:
[    0.000000] BIOS-e820: [mem 0x0000000000000000-0x000000000009fbff] usable
[    0.000000] BIOS-e820: [mem 0x000000000009fc00-0x000000000009ffff] reserved
[    0.000000] BIOS-e820: [mem 0x00000000000f0000-0x00000000000fffff] reserved
[    0.000000] BIOS-e820: [mem 0x0000000000100000-0x000000003ffeffff] usable
[    0.000000] BIOS-e820: [mem 0x000000003fff0000-0x000000003fffffff] ACPI data
[    0.000000] BIOS-e820: [mem 0x00000000fec00000-0x00000000fec00fff] reserved
[    0.000000] BIOS-e820: [mem 0x00000000fee00000-0x00000000fee00fff] reserved
[    0.000000] BIOS-e820: [mem 0x00000000fffc0000-0x00000000ffffffff] reserved
[    0.000000] NX (Execute Disable) protection: active
[    0.000000] SMBIOS 2.5 present.
[    0.000000] DMI: innotek GmbH VirtualBox/VirtualBox, BIOS VirtualBox 12/01/2006
[    0.000000] Hypervisor detected: KVM
[    0.000000] e820: last_pfn = 0x3fff0 max_arch_pfn = 0x400000000
[    0.000000] x86/PAT: Configuration [0-7]: WB  WC  UC- UC  WB  WP  UC- WT  
[    0.000000] CPU MTRRs all blank - virtualized system.
[    0.000000] found SMP MP-table at [mem 0x0009fbf0-0x0009fbff]
[    0.000000] Scanning 1 areas for low memory corruption
[    0.000000] RAMDISK: [mem 0x359cb000-0x36cdcfff]
[    0.000000] ACPI: Early table checksum verification disabled
[    0.000000] ACPI: RSDP 0x00000000000E0000 000024 (v02 VBOX  )
[    0.000000] ACPI: XSDT 0x000000003FFF0030 00003C (v01 VBOX   VBOXXSDT 00000001 ASL  00000061)
[    0.000000] ACPI: FACP 0x000000003FFF00F0 0000F4 (v04 VBOX   VBOXFACP 00000001 ASL  00000061)
[    0.000000] ACPI: DSDT 0x000000003FFF0610 002353 (v02 VBOX   VBOXBIOS 00000002 INTL 20100528)
[    0.000000] ACPI: FACS 0x000000003FFF0200 000040
[    0.000000] ACPI: FACS 0x000000003FFF0200 000040
[    0.000000] ACPI: APIC 0x000000003FFF0240 00005C (v02 VBOX   VBOXAPIC 00000001 ASL  00000061)
[    0.000000] ACPI: SSDT 0x000000003FFF02A0 00036C (v01 VBOX   VBOXCPUT 00000002 INTL 20100528)
[    0.000000] ACPI: Reserving FACP table memory at [mem 0x3fff00f0-0x3fff01e3]
[    0.000000] ACPI: Reserving DSDT table memory at [mem 0x3fff0610-0x3fff2962]
[    0.000000] ACPI: Reserving FACS table memory at [mem 0x3fff0200-0x3fff023f]
[    0.000000] ACPI: Reserving FACS table memory at [mem 0x3fff0200-0x3fff023f]
[    0.000000] ACPI: Reserving APIC table memory at [mem 0x3fff0240-0x3fff029b]
[    0.000000] ACPI: Reserving SSDT table memory at [mem 0x3fff02a0-0x3fff060b]
[    0.000000] No NUMA configuration found
[    0.000000] Faking a node at [mem 0x0000000000000000-0x000000003ffeffff]
[    0.000000] NODE_DATA(0) allocated [mem 0x3ffc5000-0x3ffeffff]
[    0.000000] kvm-clock: cpu 0, msr 0:3ff44001, primary cpu clock
[    0.000000] kvm-clock: Using msrs 4b564d01 and 4b564d00
[    0.000000] kvm-clock: using sched offset of 3534977798 cycles
[    0.000000] clocksource: kvm-clock: mask: 0xffffffffffffffff max_cycles: 0x1cd42e4dffb, max_idle_ns: 881590591483 ns
[    0.000000] Zone ranges:
[    0.000000]   DMA      [mem 0x0000000000001000-0x0000000000ffffff]
[    0.000000]   DMA32    [mem 0x0000000001000000-0x000000003ffeffff]
[    0.000000]   Normal   empty
[    0.000000]   Device   empty
[    0.000000] Movable zone start for each node
[    0.000000] Early memory node ranges
[    0.000000]   node   0: [mem 0x0000000000001000-0x000000000009efff]
[    0.000000]   node   0: [mem 0x0000000000100000-0x000000003ffeffff]
[    0.000000] Reserved but unavailable: 104 pages
[    0.000000] Initmem setup node 0 [mem 0x0000000000001000-0x000000003ffeffff]
[    0.000000] ACPI: PM-Timer IO Port: 0x4008
[    0.000000] IOAPIC[0]: apic_id 2, version 32, address 0xfec00000, GSI 0-23
[    0.000000] ACPI: INT_SRC_OVR (bus 0 bus_irq 0 global_irq 2 dfl dfl)
[    0.000000] ACPI: INT_SRC_OVR (bus 0 bus_irq 9 global_irq 9 low level)
[    0.000000] Using ACPI (MADT) for SMP configuration information
[    0.000000] smpboot: Allowing 2 CPUs, 0 hotplug CPUs
[    0.000000] PM: Registered nosave memory: [mem 0x00000000-0x00000fff]
[    0.000000] PM: Registered nosave memory: [mem 0x0009f000-0x0009ffff]
[    0.000000] PM: Registered nosave memory: [mem 0x000a0000-0x000effff]
[    0.000000] PM: Registered nosave memory: [mem 0x000f0000-0x000fffff]
[    0.000000] e820: [mem 0x40000000-0xfebfffff] available for PCI devices
[    0.000000] Booting paravirtualized kernel on KVM
[    0.000000] clocksource: refined-jiffies: mask: 0xffffffff max_cycles: 0xffffffff, max_idle_ns: 7645519600211568 ns
[    0.000000] setup_percpu: NR_CPUS:8192 nr_cpumask_bits:2 nr_cpu_ids:2 nr_node_ids:1
[    0.000000] percpu: Embedded 50 pages/cpu s167936 r8192 d28672 u1048576
[    0.000000] PV qspinlock hash table entries: 256 (order: 0, 4096 bytes)
[    0.000000] Built 1 zonelists, mobility grouping on.  Total pages: 257913
[    0.000000] Policy zone: DMA32
[    0.000000] Kernel command line: BOOT_IMAGE=/boot/vmlinuz-4.15.0-212-generic root=LABEL=cloudimg-rootfs ro console=tty1 console=ttyS0
[    0.000000] Memory: 982644K/1048120K available (12300K kernel code, 2477K rwdata, 4324K rodata, 2480K init, 2720K bss, 65476K reserved, 0K cma-reserved)
[    0.000000] SLUB: HWalign=64, Order=0-3, MinObjects=0, CPUs=2, Nodes=1
[    0.000000] ftrace: allocating 39508 entries in 155 pages
[    0.004000] Hierarchical RCU implementation.
[    0.004000] 	RCU restricting CPUs from NR_CPUS=8192 to nr_cpu_ids=2.
[    0.004000] 	Tasks RCU enabled.
[    0.004000] RCU: Adjusting geometry for rcu_fanout_leaf=16, nr_cpu_ids=2
[    0.004000] NR_IRQS: 524544, nr_irqs: 440, preallocated irqs: 16
[    0.004000] random: crng init done
[    0.004000] Console: colour VGA+ 80x25
[    0.004000] console [tty1] enabled
[    0.004000] console [ttyS0] enabled
[    0.004000] ACPI: Core revision 20170831
[    0.004000] ACPI: 2 ACPI AML tables successfully acquired and loaded
[    0.004000] APIC: Switch to symmetric I/O mode setup
[    0.004000] ..TIMER: vector=0x30 apic1=0 pin1=2 apic2=-1 pin2=-1
[    0.004000] tsc: Detected 4199.876 MHz processor
[    0.004000] Calibrating delay loop (skipped) preset value.. 8399.75 BogoMIPS (lpj=16799504)
[    0.004000] pid_max: default: 32768 minimum: 301
[    0.004000] Security Framework initialized
[    0.004000] Yama: becoming mindful.
[    0.004000] AppArmor: AppArmor initialized
[    0.004000] Dentry cache hash table entries: 131072 (order: 8, 1048576 bytes)
[    0.008713] Inode-cache hash table entries: 65536 (order: 7, 524288 bytes)
[    0.012051] Mount-cache hash table entries: 2048 (order: 2, 16384 bytes)
[    0.016049] Mountpoint-cache hash table entries: 2048 (order: 2, 16384 bytes)
[    0.021142] Last level iTLB entries: 4KB 512, 2MB 512, 4MB 256
[    0.024002] Last level dTLB entries: 4KB 3072, 2MB 3072, 4MB 1536, 1GB 0
[    0.028002] Spectre V1 : Mitigation: usercopy/swapgs barriers and __user pointer sanitization
[    0.032002] Spectre V2 : Mitigation: Retpolines
[    0.034705] Spectre V2 : Spectre v2 / SpectreRSB mitigation: Filling RSB on context switch
[    0.036001] Spectre V2 : Spectre v2 / SpectreRSB : Filling RSB on VMEXIT
[    0.040120] Freeing SMP alternatives memory: 36K
[    0.167292] APIC calibration not consistent with PM-Timer: 103ms instead of 100ms
[    0.168000] APIC delta adjusted to PM-Timer: 6393353 (6645388)
[    0.168331] smpboot: CPU0: AMD Ryzen 7 7800X3D 8-Core Processor (family: 0x19, model: 0x61, stepping: 0x2)
[    0.172326] Performance Events: PMU not available due to virtualization, using software events only.
[    0.176077] Hierarchical SRCU implementation.
[    0.180583] NMI watchdog: Perf event create on CPU 0 failed with -2
[    0.184001] NMI watchdog: Perf NMI watchdog permanently disabled
[    0.188256] smp: Bringing up secondary CPUs ...
[    0.192728] x86: Booting SMP configuration:
[    0.196002] .... node  #0, CPUs:      #1
[    0.004000] kvm-clock: cpu 1, msr 0:3ff44041, secondary cpu clock
[    0.204000] TSC synchronization [CPU#0 -> CPU#1]:
[    0.204000] Measured 50568 cycles TSC warp between CPUs, turning off TSC clock.
[    0.204000] tsc: Marking TSC unstable due to check_tsc_sync_source failed
[    0.208067] smp: Brought up 1 node, 2 CPUs
[    0.212003] smpboot: Max logical packages: 1
[    0.214785] smpboot: Total of 2 processors activated (16799.50 BogoMIPS)
[    0.220239] devtmpfs: initialized
[    0.222829] x86/mm: Memory block size: 128MB
[    0.224369] evm: security.selinux
[    0.228002] evm: security.SMACK64
[    0.232002] evm: security.SMACK64EXEC
[    0.236001] evm: security.SMACK64TRANSMUTE
[    0.238636] evm: security.SMACK64MMAP
[    0.240001] evm: security.apparmor
[    0.244001] evm: security.ima
[    0.248001] evm: security.capability
[    0.252367] clocksource: jiffies: mask: 0xffffffff max_cycles: 0xffffffff, max_idle_ns: 7645041785100000 ns
[    0.256011] futex hash table entries: 512 (order: 3, 32768 bytes)
[    0.260209] pinctrl core: initialized pinctrl subsystem
[    0.264296] RTC time:  9:50:07, date: 01/31/25
[    0.268538] NET: Registered protocol family 16
[    0.271153] audit: initializing netlink subsys (disabled)
[    0.272172] audit: type=2000 audit(1738317011.774:1): state=initialized audit_enabled=0 res=1
[    0.276073] cpuidle: using governor ladder
[    0.280159] cpuidle: using governor menu
[    0.285874] ACPI: bus type PCI registered
[    0.288003] acpiphp: ACPI Hot Plug PCI Controller Driver version: 0.5
[    0.292364] PCI: Using configuration type 1 for base access
[    0.300001] PCI: Using configuration type 1 for extended access
[    0.304995] HugeTLB registered 2.00 MiB page size, pre-allocated 0 pages
[    0.312245] ACPI: Added _OSI(Module Device)
[    0.314635] ACPI: Added _OSI(Processor Device)
[    0.316002] ACPI: Added _OSI(3.0 _SCP Extensions)
[    0.320002] ACPI: Added _OSI(Processor Aggregator Device)
[    0.323014] ACPI: Added _OSI(Linux-Dell-Video)
[    0.324002] ACPI: Added _OSI(Linux-Lenovo-NV-HDMI-Audio)
[    0.327172] ACPI: Added _OSI(Linux-HPI-Hybrid-Graphics)
[    0.328591] ACPI: Executed 1 blocks of module-level executable AML code
[    0.335420] ACPI: Interpreter enabled
[    0.336009] ACPI: (supports S0 S5)
[    0.338278] ACPI: Using IOAPIC for interrupt routing
[    0.340314] PCI: Using host bridge windows from ACPI; if necessary, use "pci=nocrs" and report a bug
[    0.344177] ACPI: Enabled 2 GPEs in block 00 to 07
[    0.356000] ACPI: PCI Root Bridge [PCI0] (domain 0000 [bus 00-ff])
[    0.356005] acpi PNP0A03:00: _OSC: OS supports [ExtendedConfig ASPM ClockPM Segments MSI]
[    0.361276] acpi PNP0A03:00: _OSC: platform does not support [PCIeCapability]
[    0.364634] acpi PNP0A03:00: _OSC: not requesting control; platform does not support [PCIeCapability]
[    0.368003] acpi PNP0A03:00: _OSC: OS requested [PCIeHotplug PME AER PCIeCapability]
[    0.372000] acpi PNP0A03:00: _OSC: platform willing to grant [PCIeHotplug PME AER]
[    0.372002] acpi PNP0A03:00: _OSC failed (AE_SUPPORT); disabling ASPM
[    0.376567] PCI host bridge to bus 0000:00
[    0.380002] pci_bus 0000:00: root bus resource [io  0x0000-0x0cf7 window]
[    0.384002] pci_bus 0000:00: root bus resource [io  0x0d00-0xffff window]
[    0.388002] pci_bus 0000:00: root bus resource [mem 0x000a0000-0x000bffff window]
[    0.392000] pci_bus 0000:00: root bus resource [mem 0x40000000-0xfdffffff window]
[    0.392002] pci_bus 0000:00: root bus resource [bus 00-ff]
[    0.403170] pci 0000:00:01.1: legacy IDE quirk: reg 0x10: [io  0x01f0-0x01f7]
[    0.404002] pci 0000:00:01.1: legacy IDE quirk: reg 0x14: [io  0x03f6]
[    0.408002] pci 0000:00:01.1: legacy IDE quirk: reg 0x18: [io  0x0170-0x0177]
[    0.412002] pci 0000:00:01.1: legacy IDE quirk: reg 0x1c: [io  0x0376]
[    0.427030] pci 0000:00:07.0: quirk: [io  0x4000-0x403f] claimed by PIIX4 ACPI
[    0.428026] pci 0000:00:07.0: quirk: [io  0x4100-0x410f] claimed by PIIX4 SMB
[    0.440304] ACPI: PCI Interrupt Link [LNKA] (IRQs 5 9 10 *11)
[    0.443948] ACPI: PCI Interrupt Link [LNKB] (IRQs 5 9 *10 11)
[    0.444161] ACPI: PCI Interrupt Link [LNKC] (IRQs 5 *9 10 11)
[    0.448186] ACPI: PCI Interrupt Link [LNKD] (IRQs 5 9 10 *11)
[    0.452025] SCSI subsystem initialized
[    0.454257] pci 0000:00:02.0: vgaarb: setting as boot VGA device
[    0.455499] pci 0000:00:02.0: vgaarb: VGA device added: decodes=io+mem,owns=io+mem,locks=none
[    0.456003] pci 0000:00:02.0: vgaarb: bridge control possible
[    0.459216] vgaarb: loaded
[    0.460025] ACPI: bus type USB registered
[    0.462361] usbcore: registered new interface driver usbfs
[    0.464007] usbcore: registered new interface driver hub
[    0.468007] usbcore: registered new device driver usb
[    0.472084] EDAC MC: Ver: 3.0.0
[    0.476129] PCI: Using ACPI for IRQ routing
[    0.479118] NetLabel: Initializing
[    0.480002] NetLabel:  domain hash size = 128
[    0.482472] NetLabel:  protocols = UNLABELED CIPSOv4 CALIPSO
[    0.484008] NetLabel:  unlabeled traffic allowed by default
[    0.488250] clocksource: Switched to clocksource kvm-clock
[    0.521019] VFS: Disk quotas dquot_6.6.0
[    0.524081] VFS: Dquot-cache hash table entries: 512 (order 0, 4096 bytes)
[    0.528603] AppArmor: AppArmor Filesystem Enabled
[    0.532050] pnp: PnP ACPI init
[    0.535441] pnp: PnP ACPI: found 3 devices
[    0.565899] clocksource: acpi_pm: mask: 0xffffff max_cycles: 0xffffff, max_idle_ns: 2085701024 ns
[    0.571203] NET: Registered protocol family 2
[    0.574547] IP idents hash table entries: 16384 (order: 5, 131072 bytes)
[    0.578941] TCP established hash table entries: 8192 (order: 4, 65536 bytes)
[    0.583935] TCP bind hash table entries: 8192 (order: 5, 131072 bytes)
[    0.588384] TCP: Hash tables configured (established 8192 bind 8192)
[    0.592727] UDP hash table entries: 512 (order: 2, 16384 bytes)
[    0.597325] UDP-Lite hash table entries: 512 (order: 2, 16384 bytes)
[    0.601266] NET: Registered protocol family 1
[    0.604013] pci 0000:00:00.0: Limiting direct PCI/PCI transfers
[    0.607755] pci 0000:00:01.0: Activating ISA DMA hang workarounds
[    0.611692] pci 0000:00:02.0: Video device with shadowed ROM at [mem 0x000c0000-0x000dffff]
[    0.617709] Unpacking initramfs...
[    0.714917] Freeing initrd memory: 19528K
[    0.912295] clocksource: tsc: mask: 0xffffffffffffffff max_cycles: 0x3c89ec1b9ec, max_idle_ns: 440795253506 ns
[    0.918186] platform rtc_cmos: registered platform RTC device (no PNP device found)
[    0.922913] Scanning for low memory corruption every 60 seconds
[    0.927804] Initialise system trusted keyrings
[    0.930817] Key type blacklist registered
[    0.933947] workingset: timestamp_bits=36 max_order=18 bucket_order=0
[    0.939403] zbud: loaded
[    0.942115] squashfs: version 4.0 (2009/01/31) Phillip Lougher
[    0.946786] fuse init (API version 7.26)
[    0.970202] Key type asymmetric registered
[    0.972693] Asymmetric key parser 'x509' registered
[    0.975641] Block layer SCSI generic (bsg) driver version 0.4 loaded (major 246)
[    0.980257] io scheduler noop registered
[    0.982543] io scheduler deadline registered
[    0.985101] io scheduler cfq registered (default)
[    0.988307] ACPI: AC Adapter [AC] (on-line)
[    0.990776] input: Power Button as /devices/LNXSYSTM:00/LNXPWRBN:00/input/input0
[    0.995310] ACPI: Power Button [PWRF]
[    0.997709] input: Sleep Button as /devices/LNXSYSTM:00/LNXSLPBN:00/input/input1
[    1.001926] ACPI: Sleep Button [SLPF]
[    1.005161] Serial: 8250/16550 driver, 32 ports, IRQ sharing enabled
[    1.035176] 00:02: ttyS0 at I/O 0x3f8 (irq = 4, base_baud = 115200) is a 16550A
[    1.051138] Linux agpgart interface v0.103
[    1.060715] loop: module loaded
[    1.064933] scsi host0: ata_piix
[    1.067950] scsi host1: ata_piix
[    1.070362] ata1: PATA max UDMA/33 cmd 0x1f0 ctl 0x3f6 bmdma 0xd000 irq 14
[    1.074546] ata2: PATA max UDMA/33 cmd 0x170 ctl 0x376 bmdma 0xd008 irq 15
[    1.078916] tun: Universal TUN/TAP device driver, 1.6
[    1.082777] PPP generic driver version 2.4.2
[    1.085842] ehci_hcd: USB 2.0 'Enhanced' Host Controller (EHCI) Driver
[    1.089953] ehci-pci: EHCI PCI platform driver
[    1.092826] ehci-platform: EHCI generic platform driver
[    1.096083] ohci_hcd: USB 1.1 'Open' Host Controller (OHCI) Driver
[    1.100045] ohci-pci: OHCI PCI platform driver
[    1.102980] ohci-platform: OHCI generic platform driver
[    1.106299] uhci_hcd: USB Universal Host Controller Interface driver
[    1.110288] i8042: PNP: PS/2 Controller [PNP0303:PS2K,PNP0f03:PS2M] at 0x60,0x64 irq 1,12
[    1.117558] serio: i8042 KBD port at 0x60,0x64 irq 1
[    1.120767] serio: i8042 AUX port at 0x60,0x64 irq 12
[    1.124652] mousedev: PS/2 mouse device common for all mice
[    1.129811] input: AT Translated Set 2 keyboard as /devices/platform/i8042/serio0/input/input2
[    1.133290] rtc_cmos rtc_cmos: rtc core: registered rtc_cmos as rtc0
[    1.139340] rtc_cmos rtc_cmos: alarms up to one day, 114 bytes nvram
[    1.143066] i2c /dev entries driver
[    1.145129] device-mapper: uevent: version 1.0.3
[    1.148246] device-mapper: ioctl: 4.37.0-ioctl (2017-09-20) initialised: dm-devel@redhat.com
[    1.153238] ledtrig-cpu: registered to indicate activity on CPUs
[    1.158192] NET: Registered protocol family 10
[    1.168199] Segment Routing with IPv6
[    1.170392] NET: Registered protocol family 17
[    1.173299] Key type dns_resolver registered
[    1.176603] mce: Using 0 MCE banks
[    1.178878] RAS: Correctable Errors collector initialized.
[    1.182415] sched_clock: Marking stable (1182373812, 0)->(1665698308, -483324496)
[    1.189199] registered taskstats version 1
[    1.192309] Loading compiled-in X.509 certificates
[    1.198492] Loaded X.509 cert 'Build time autogenerated kernel key: b5b26778eaa3ab3a4a6cee031137706e947d12ad'
[    1.205270] Loaded X.509 cert 'Canonical Ltd. Live Patch Signing: 14df34d1a87cf37625abec039ef2bf521249b969'
[    1.211361] Loaded X.509 cert 'Canonical Ltd. Kernel Module Signing: 88f752e560a1e0737e31163a466ad7b70a850c19'
[    1.217352] blacklist: Loading compiled-in revocation X.509 certificates
[    1.222024] Loaded X.509 cert 'Canonical Ltd. Secure Boot Signing: 61482aa2830d0ab2ad5af10b7250da9033ddcef0'
[    1.227870] Loaded X.509 cert 'Canonical Ltd. Secure Boot Signing (2017): 242ade75ac4a15e50d50c84b0d45ff3eae707a03'
[    1.234120] Loaded X.509 cert 'Canonical Ltd. Secure Boot Signing (ESM 2018): 365188c1d374d6b07c3c8f240f8ef722433d6a8b'
[    1.240860] Loaded X.509 cert 'Canonical Ltd. Secure Boot Signing (2019): c0746fd6c5da3ae827864651ad66ae47fe24b3e8'
[    1.247168] Loaded X.509 cert 'Canonical Ltd. Secure Boot Signing (2021 v1): a8d54bbb3825cfb94fa13c9f8a594a195c107b8d'
[    1.254032] Loaded X.509 cert 'Canonical Ltd. Secure Boot Signing (2021 v2): 4cf046892d6fd3c9a5b03f98d845f90851dc6a8c'
[    1.260431] Loaded X.509 cert 'Canonical Ltd. Secure Boot Signing (2021 v3): 100437bb6de6e469b581e61cd66bce3ef4ed53af'
[    1.266962] Loaded X.509 cert 'Canonical Ltd. Secure Boot Signing (Ubuntu Core 2019): c1d57b8f6b743f23ee41f4f7ee292f06eecadfb9'
[    1.274357] zswap: loaded using pool lzo/zbud
[    1.298225] Key type big_key registered
[    1.300810] Key type trusted registered
[    1.305866] Key type encrypted registered
[    1.308774] AppArmor: AppArmor sha1 policy hashing enabled
[    1.312357] ima: No TPM chip found, activating TPM-bypass! (rc=-19)
[    1.316224] ima: Allocated hash algorithm: sha1
[    1.319295] evm: HMAC attrs: 0x1
[    1.323005]   Magic number: 9:41:830
[    1.326697] rtc_cmos rtc_cmos: setting system clock to 2025-01-31 09:50:08 UTC (1738317008)
[    1.332662] BIOS EDD facility v0.16 2004-Jun-25, 0 devices found
[    1.336323] EDD information not available.
[    1.341518] Freeing unused kernel image memory: 2480K
[    1.368592] Write protecting the kernel read-only data: 20480k
[    1.373367] Freeing unused kernel image memory: 2008K
[    1.376774] Freeing unused kernel image memory: 1820K
[    1.383130] x86/mm: Checked W+X mappings: passed, no W+X pages found.
Loading, please wait...
starting version 237
[    1.441479] e1000: Intel(R) PRO/1000 Network Driver - version 7.3.21-k8-NAPI
[    1.446255] e1000: Copyright (c) 1999-2006 Intel Corporation.
[    1.464617] Fusion MPT base driver 3.04.20
[    1.468206] Copyright (c) 1999-2008 LSI Corporation
[    1.484794] Fusion MPT SPI Host driver 3.04.20
[    1.493721] SSE version of gcm_enc/dec engaged.
[    1.699627] input: ImExPS/2 Generic Explorer Mouse as /devices/platform/i8042/serio1/input/input4
[    1.993633] e1000 0000:00:03.0 eth0: (PCI:33MHz:32-bit) 02:3b:7b:b7:3b:2d
[    1.997761] e1000 0000:00:03.0 eth0: Intel(R) PRO/1000 Network Connection
[    2.003520] mptbase: ioc0: Initiating bringup
[    2.142280] ioc0: LSI53C1030 A0: Capabilities={Initiator}
[    3.110086] scsi host2: ioc0: LSI53C1030 A0, FwRev=00000000h, Ports=1, MaxQ=256, IRQ=20
[    3.542787] scsi 2:0:0:0: Direct-Access     VBOX     HARDDISK         1.0  PQ: 0 ANSI: 5
[    3.589276] scsi target2:0:0: Beginning Domain Validation
[    3.598043] scsi target2:0:0: Domain Validation skipping write tests
[    3.602011] scsi target2:0:0: Ending Domain Validation
[    3.605606] scsi target2:0:0: asynchronous
[    3.609877] scsi 2:0:1:0: Direct-Access     VBOX     HARDDISK         1.0  PQ: 0 ANSI: 5
[    3.964792] scsi target2:0:1: Beginning Domain Validation
[    3.977198] scsi target2:0:1: Domain Validation skipping write tests
[    3.981162] scsi target2:0:1: Ending Domain Validation
[    3.984947] scsi target2:0:1: asynchronous
[    3.995621] sd 2:0:0:0: Attached scsi generic sg0 type 0
[    3.999730] sd 2:0:1:0: Attached scsi generic sg1 type 0
[    4.001294] sd 2:0:1:0: [sdb] 20480 512-byte logical blocks: (10.5 MB/10.0 MiB)
[    4.007465] sd 2:0:0:0: [sda] 83886080 512-byte logical blocks: (42.9 GB/40.0 GiB)
[    4.012030] sd 2:0:1:0: [sdb] Write Protect is off
[    4.015589] sd 2:0:0:0: [sda] Write Protect is off
[    4.019794] sd 2:0:0:0: [sda] Incomplete mode parameter data
[    4.023349] sd 2:0:0:0: [sda] Assuming drive cache: write through
[    4.027227] sd 2:0:1:0: [sdb] Incomplete mode parameter data
[    4.030612] sd 2:0:1:0: [sdb] Assuming drive cache: write through
[    4.037367]  sda: sda1
[    4.040434] sd 2:0:1:0: [sdb] Attached SCSI disk
[    4.044427] sd 2:0:0:0: [sda] Attached SCSI disk
[    4.092258] e1000 0000:00:08.0 eth1: (PCI:33MHz:32-bit) 08:00:27:6d:91:06
[    4.096322] e1000 0000:00:08.0 eth1: Intel(R) PRO/1000 Network Connection
[    4.102563] e1000 0000:00:08.0 enp0s8: renamed from eth1
[    4.120408] e1000 0000:00:03.0 enp0s3: renamed from eth0
Begin: Loading essential drivers ... [  676.766479] raid6: sse2x1   gen() 154989267 MB/s
[  676.766469] INFO: rcu_sched detected stalls on CPUs/tasks:
[  676.772680] 	1-...!: (3 ticks this GP) idle=6aa/140000000000000/0 softirq=1268/1268 fqs=2 
[  676.777307] 	(detected by 0, t=167815 jiffies, g=-188, c=-189, q=481)
[  676.780945] Sending NMI from CPU 0 to CPUs 1:
[  686.708373] rcu_sched kthread starved for 167809 jiffies! g18446744073709551428 c18446744073709551427 f0x0 RCU_GP_WAIT_FQS(3) ->state=0x402 ->cpu=0
[  686.716145] rcu_sched       I    0     8      2 0x80000000
[  686.719245] Call Trace:
[  686.720741]  __schedule+0x24e/0x890
[  686.722793]  schedule+0x2c/0x80
[  686.724664]  schedule_timeout+0x15d/0x370
[  686.727003]  ? __next_timer_interrupt+0xe0/0xe0
[  686.729601]  rcu_gp_kthread+0x53a/0x980
[  686.731979]  kthread+0x121/0x140
[  686.734085]  ? rcu_note_context_switch+0x150/0x150
[  686.736810]  ? kthread_create_worker_on_cpu+0x70/0x70
[  686.739667]  ret_from_fork+0x35/0x40
[  686.793502] raid6: sse2x1   xor() 17920 MB/s
[  686.856090] raid6: sse2x2   gen() 22865 MB/s
[  686.908394] raid6: sse2x2   xor() 18357 MB/s
[  686.960342] raid6: sse2x4   gen() 24572 MB/s
[  687.012121] raid6: sse2x4   xor()  5828 MB/s
[  687.014836] raid6: using algorithm sse2x1 gen() 154989267 MB/s
[  687.018540] raid6: .... xor() 17920 MB/s, rmw enabled
[  687.021784] raid6: using ssse3x2 recovery algorithm
[  687.027925] xor: measuring software checksum speed
[  687.127115]    prefetch64-sse: 62529.000 MB/sec
[  687.491695]    generic_sse: 1593336.000 MB/sec
[  687.494685] xor: using function: generic_sse (1593336.000 MB/sec)
[  687.499630] async_tx: api initialized (async)
done.
Begin: Running /scripts/init-premount ... done.
Begin: Mounting root file system ... Begin: Running /scripts/local-top ... done.
Begin: Running /scripts/local-premount ... [  687.540089] Btrfs loaded, crc32c=crc32c-intel
Scanning for Btrfs filesystems
done.
Warning: fsck not present, so skipping root file system
[  687.581802] EXT4-fs (sda1): mounted filesystem with ordered data mode. Opts: (null)
done.
Begin: Running /scripts/local-bottom ... done.
Begin: Running /scripts/init-bottom ... done.
[  687.783666] ip_tables: (C) 2000-2006 Netfilter Core Team
[  687.797367] systemd[1]: systemd 237 running in system mode. (+PAM +AUDIT +SELINUX +IMA +APPARMOR +SMACK +SYSVINIT +UTMP +LIBCRYPTSETUP +GCRYPT +GNUTLS +ACL +XZ +LZ4 +SECCOMP +BLKID +ELFUTILS +KMOD -IDN2 +IDN -PCRE2 default-hierarchy=hybrid)
[  687.810868] systemd[1]: Detected virtualization oracle.
[  687.813954] systemd[1]: Detected architecture x86-64.

Welcome to [1mUbuntu 18.04.6 LTS[0m!

[  687.836315] systemd[1]: Set hostname to <web03>.
[  688.117986] systemd[1]: Reached target System Time Synchronized.
[[0;32m  OK  [0m] Reached target System Time Synchronized.
[  688.124323] systemd[1]: Set up automount Arbitrary Executable File Formats File System Automount Point.
[[0;32m  OK  [0m] Set up automount Arbitrary Executab…rmats File System Automount Point.
[  688.134356] systemd[1]: Reached target User and Group Name Lookups.
[[0;32m  OK  [0m] Reached target User and Group Name Lookups.
[  688.141231] systemd[1]: Reached target Mounting snaps.
[[0;32m  OK  [0m] Reached target Mounting snaps.
[  688.146858] systemd[1]: Reached target Mounted snaps.
[[0;32m  OK  [0m] Reached target Mounted snaps.
[  688.159779] systemd[1]: Created slice System Slice.
[[0;32m  OK  [0m] Created slice System Slice.
[[0;32m  OK  [0m] Listening on Journal Socket.
[[0;32m  OK  [0m] Listening on Journal Audit Socket.
         Starting Load Kernel Modules...
         Mounting POSIX Message Queue File System...
[[0;32m  OK  [0m] Created slice system-serial\x2dgetty.slice.
[[0;32m  OK  [0m] Listening on udev Control Socket.
[[0;32m  OK  [0m] Listening on Device-mapper event daemon FIFOs.
[  688.189375] Loading iSCSI transport class v2.0-870.
[[0;32m  OK  [0m] Listening on Network Service Netlink Socket.
[[0;32m  OK  [0m] Listening on fsck to fsckd communication Socket.
[  688.201780] iscsi: registered transport (tcp)
         Starting File System Check on Root Device...
[[0;32m  OK  [0m] Listening on Journal Socket (/dev/log).
         Starting Uncomplicated firewall...
[[0;32m  OK  [0m] Listening on LVM2 metadata daemon socket.
         Starting Monitoring of LVM2 mirrors…ng dmeventd or progress polling...
[[0;32m  OK  [0m] Listening on Syslog Socket.
[  688.228875] iscsi: registered transport (iser)
         Starting Journal Service...
         Starting Set the console keyboard layout...
         Starting Create list of required st…ce nodes for the current kernel...
[[0;32m  OK  [0m] Listening on LVM2 poll daemon socket.
[[0;32m  OK  [0m] Listening on udev Kernel Socket.
         Starting udev Coldplug all Devices...
         Mounting Kernel Debug File System...
         Mounting Huge Pages File System...
[[0;32m  OK  [0m] Created slice User and Session Slice.
[[0;32m  OK  [0m] Reached target Slices.
[[0;32m  OK  [0m] Reached target Swap.
[[0;32m  OK  [0m] Listening on /dev/initctl Compatibility Named Pipe.
[[0;32m  OK  [0m] Started Forward Password Requests to Wall Directory Watch.
[[0;32m  OK  [0m] Started Load Kernel Modules.
[[0;32m  OK  [0m] Mounted POSIX Message Queue File System.
[[0;32m  OK  [0m] Started Uncomplicated firewall.
[[0;32m  OK  [0m] Mounted Kernel Debug File System.
[[0;32m  OK  [0m] Mounted Huge Pages File System.
[[0;32m  OK  [0m] Started File System Check Daemon to report status.
         Mounting Kernel Configuration File System...
         Starting Apply Kernel Variables...
         Mounting FUSE Control File System...
[[0;32m  OK  [0m] Mounted Kernel Configuration File System.
[[0;32m  OK  [0m] Mounted FUSE Control File System.
[[0;32m  OK  [0m] Started udev Coldplug all Devices.
[[0;32m  OK  [0m] Started Journal Service.
[[0;32m  OK  [0m] Started Create list of required sta…vice nodes for the current kernel.
         Starting Create Static Device Nodes in /dev...
[[0;32m  OK  [0m] Started LVM2 metadata daemon.
[[0;32m  OK  [0m] Started File System Check on Root Device.
         Starting Remount Root and Kernel File Systems...
[[0;32m  OK  [0m] Started Create Static Device Nodes in /dev.
[[0;32m  OK  [0m] Started Apply Kernel Variables.
[[0;32m  OK  [0m] Started Remount Root and Kernel File Systems.
         Starting udev Kernel Device Manager...
         Starting Flush Journal to Persistent Storage...
         Starting Load/Save Random Seed...
[[0;32m  OK  [0m] Started Monitoring of LVM2 mirrors,…sing dmeventd or progress polling.
[[0;32m  OK  [0m] Started Load/Save Random Seed.
[[0;32m  OK  [0m] Started udev Kernel Device Manager.
[[0;32m  OK  [0m] Started Set the console keyboard layout.
[[0;32m  OK  [0m] Reached target Local File Systems (Pre).
[[0;32m  OK  [0m] Reached target Local File Systems.
         Starting Set console font and keymap...
         Starting Tell Plymouth To Write Out Runtime Data...
         Starting AppArmor initialization...
         Starting ebtables ruleset management...
[[0;32m  OK  [0m] Started Dispatch Password Requests to Console Directory Watch.
[[0;32m  OK  [0m] Reached target Local Encrypted Volumes.
[[0;32m  OK  [0m] Started Flush Journal to Persistent Storage.
         Starting Create Volatile Files and Directories...
[[0;32m  OK  [0m] Started Set console font and keymap.
[[0;32m  OK  [0m] Started Tell Plymouth To Write Out Runtime Data.
[[0;32m  OK  [0m] Started Create Volatile Files and Directories.
         Starting Update UTMP about System Boot/Shutdown...
[[0;32m  OK  [0m] Started Update UTMP about System Boot/Shutdown.
[[0;32m  OK  [0m] Found device /dev/ttyS0.
[[0;32m  OK  [0m] Started ebtables ruleset management.
[[0;32m  OK  [0m] Listening on Load/Save RF Kill Switch Status /dev/rfkill Watch.
[[0;32m  OK  [0m] Started AppArmor initialization.
         Starting Load AppArmor profiles managed internally by snapd...
         Starting Initial cloud-init job (pre-networking)...
         Mounting Arbitrary Executable File Formats File System...
[[0;32m  OK  [0m] Mounted Arbitrary Executable File Formats File System.
[[0;32m  OK  [0m] Started Load AppArmor profiles managed internally by snapd.
[  690.252568] cloud-init[564]: Cloud-init v. 23.1.2-0ubuntu0~18.04.1 running 'init-local' at Fri, 31 Jan 2025 10:01:37 +0000. Up 690.10 seconds.
[[0;32m  OK  [0m] Started Initial cloud-init job (pre-networking).
[[0;32m  OK  [0m] Reached target Network (Pre).
         Starting Network Service...
[[0;32m  OK  [0m] Started Network Service.
         Starting Wait for Network to be Configured...
         Starting Network Name Resolution...
[[0;32m  OK  [0m] Started Network Name Resolution.
[[0;32m  OK  [0m] Reached target Network.
[[0;32m  OK  [0m] Reached target Host and Network Name Lookups.
[[0;32m  OK  [0m] Started Wait for Network to be Configured.
         Starting Initial cloud-init job (metadata service crawler)...
[  692.489800] cloud-init[681]: Cloud-init v. 23.1.2-0ubuntu0~18.04.1 running 'init' at Fri, 31 Jan 2025 10:01:39 +0000. Up 692.42 seconds.
[  692.492438] cloud-init[681]: ci-info: ++++++++++++++++++++++++++++++++++++++Net device info+++++++++++++++++++++++++++++++++++++++
[  692.494963] cloud-init[681]: ci-info: +--------+------+-----------------------------+---------------+--------+-------------------+
[  692.497706] cloud-init[681]: ci-info: | Device |  Up  |           Address           |      Mask     | Scope  |     Hw-Address    |
[  692.500266] cloud-init[681]: ci-info: +--------+------+-----------------------------+---------------+--------+-------------------+
[  692.502737] cloud-init[681]: ci-info: | enp0s3 | True |          10.0.2.15          | 255.255.255.0 | global | 02:3b:7b:b7:3b:2d |
[  692.505352] cloud-init[681]: ci-info: | enp0s3 | True |  fd00::3b:7bff:feb7:3b2d/64 |       .       | global | 02:3b:7b:b7:3b:2d |
[  692.507982] cloud-init[681]: ci-info: | enp0s3 | True |  fe80::3b:7bff:feb7:3b2d/64 |       .       |  link  | 02:3b:7b:b7:3b:2d |
[  692.510519] cloud-init[681]: ci-info: | enp0s8 | True |        192.168.10.15        | 255.255.255.0 | global | 08:00:27:6d:91:06 |
[  692.513013] cloud-init[681]: ci-info: | enp0s8 | True | fe80::a00:27ff:fe6d:9106/64 |       .       |  link  | 08:00:27:6d:91:06 |
[  692.515652] cloud-init[681]: ci-info: |   lo   | True |          127.0.0.1          |   255.0.0.0   |  host  |         .         |
[  692.518160] cloud-init[681]: ci-info: |   lo   | True |           ::1/128           |       .       |  host  |         .         |
[  692.520719] cloud-init[681]: ci-info: +--------+------+-----------------------------+---------------+--------+-------------------+
[  692.523277] cloud-init[681]: ci-info: +++++++++++++++++++++++++++++Route IPv4 info+++++++++++++++++++++++++++++
[  692.525575] cloud-init[681]: ci-info: +-------+--------------+----------+-----------------+-----------+-------+
[  692.527760] cloud-init[681]: ci-info: | Route | Destination  | Gateway  |     Genmask     | Interface | Flags |
[  692.530214] cloud-init[681]: ci-info: +-------+--------------+----------+-----------------+-----------+-------+
[  692.532523] cloud-init[681]: ci-info: |   0   |   0.0.0.0    | 10.0.2.2 |     0.0.0.0     |   enp0s3  |   UG  |
[  692.534783] cloud-init[681]: ci-info: |   1   |   10.0.2.0   | 0.0.0.0  |  255.255.255.0  |   enp0s3  |   U   |
[  692.538437] cloud-init[681]: ci-info: |   2   |   10.0.2.2   | 0.0.0.0  | 255.255.255.255 |   enp0s3  |   UH  |
[  692.542199] cloud-init[681]: ci-info: |   3   | 192.168.10.0 | 0.0.0.0  |  255.255.255.0  |   enp0s8  |   U   |
[  692.546314] cloud-init[681]: ci-info: +-------+--------------+----------+-----------------+-----------+-------+
[  692.550060] cloud-init[681]: ci-info: +++++++++++++++++++Route IPv6 info+++++++++++++++++++
[  692.553663] cloud-init[681]: ci-info: +-------+-------------+---------+-----------+-------+
[  692.556996] cloud-init[681]: ci-info: | Route | Destination | Gateway | Interface | Flags |
[  692.560331] cloud-init[681]: ci-info: +-------+-------------+---------+-----------+-------+
[  692.563535] cloud-init[681]: ci-info: |   1   |  fd00::/64  |    ::   |   enp0s3  |   U   |
[  692.566876] cloud-init[681]: ci-info: |   2   |  fe80::/64  |    ::   |   enp0s8  |   U   |
[  692.570543] cloud-init[681]: ci-info: |   3   |  fe80::/64  |    ::   |   enp0s3  |   U   |
[  692.574430] cloud-init[681]: ci-info: |   4   |     ::/0    | fe80::2 |   enp0s3  |   UG  |
[  692.577759] cloud-init[681]: ci-info: |   6   |    local    |    ::   |   enp0s3  |   U   |
[  692.581280] cloud-init[681]: ci-info: |   7   |    local    |    ::   |   enp0s8  |   U   |
[  692.584755] cloud-init[681]: ci-info: |   8   |   ff00::/8  |    ::   |   enp0s8  |   U   |
[  692.587976] cloud-init[681]: ci-info: |   9   |   ff00::/8  |    ::   |   enp0s3  |   U   |
[  692.591565] cloud-init[681]: ci-info: +-------+-------------+---------+-----------+-------+
[[0;32m  OK  [0m] Started Initial cloud-init job (metadata service crawler).
[[0;32m  OK  [0m] Reached target Network is Online.
         Starting Availability of block devices...
[[0;32m  OK  [0m] Reached target Remote File Systems (Pre).
         Mounting /vagrant...
[[0;32m  OK  [0m] Reached target System Initialization.
[[0;32m  OK  [0m] Listening on UUID daemon activation socket.
[[0;32m  OK  [0m] Started Message of the Day.
[[0;32m  OK  [0m] Started Discard unused blocks once a week.
[[0;32m  OK  [0m] Listening on ACPID Listen Socket.
[[0;32m  OK  [0m] Listening on Open-iSCSI iscsid Socket.
[[0;32m  OK  [0m] Listening on D-Bus System Message Bus Socket.
         Starting LXD - unix socket.
[[0;32m  OK  [0m] Started Daily apt download activities.
         Starting Socket activation for snappy daemon.
[[0;32m  OK  [0m] Started Daily Cleanup of Temporary Directories.
[[0;32m  OK  [0m] Started Ubuntu Advantage Timer for running repeated jobs.
[[0;32m  OK  [0m] Started Daily apt upgrade and clean activities.
[[0;32m  OK  [0m] Started ACPI Events Check.
[[0;32m  OK  [0m] Reached target Paths.
[[0;32m  OK  [0m] Reached target Timers.
[[0;32m  OK  [0m] Listening on cloud-init hotplug hook socket.
[[0;32m  OK  [0m] Reached target Cloud-config availability.
[[0;32m  OK  [0m] Started Availability of block devices.
[[0;32m  OK  [0m] Mounted /vagrant.
[[0;32m  OK  [0m] Listening on LXD - unix socket.
[[0;32m  OK  [0m] Listening on Socket activation for snappy daemon.
[[0;32m  OK  [0m] Reached target Sockets.
[[0;32m  OK  [0m] Reached target Basic System.
         Starting Dispatcher daemon for systemd-networkd...
[[0;32m  OK  [0m] Started FUSE filesystem for LXC.
[[0;32m  OK  [0m] Started D-Bus System Message Bus.
         Starting Message of the Day...
         Starting Login Service...
[[0;32m  OK  [0m] Started Regular background program processing daemon.
         Starting Accounts Service...
[[0;32m  OK  [0m] Reached target Login Prompts (Pre).
         Starting Virtualbox guest utils...
[[0;32m  OK  [0m] Started Deferred execution scheduler.
[[0;32m  OK  [0m] Started irqbalance daemon.
         Starting LSB: Record successful boot for GRUB...
         Starting System Logging Service...
         Starting OpenBSD Secure Shell server...
         Starting Snap Daemon...
         Starting LXD - container startup/shutdown...
[[0;32m  OK  [0m] Reached target Remote File Systems.
         Starting Permit User Sessions...
         Starting LSB: automatic crash report generation...
[[0;32m  OK  [0m] Started Dispatcher daemon for systemd-networkd.
[[0;32m  OK  [0m] Started System Logging Service.
[[0;32m  OK  [0m] Started Permit User Sessions.
[[0;32m  OK  [0m] Started Login Service.
         Starting Authorization Manager...
[[0;32m  OK  [0m] Started Unattended Upgrades Shutdown.
         Starting Hold until boot process finishes up...
         Starting Terminate Plymouth Boot Screen...
         Starting Hostname Service...
[[0;32m  OK  [0m] Started LSB: Record successful boot for GRUB.
[[0;32m  OK  [0m] Started Hold until boot process finishes up.
[[0;32m  OK  [0m] Started Terminate Plymouth Boot Screen.
[[0;32m  OK  [0m] Started Serial Getty on ttyS0.
         Starting Set console scheme...
[[0;32m  OK  [0m] Started Set console scheme.
[[0;32m  OK  [0m] Started OpenBSD Secure Shell server.
[[0;32m  OK  [0m] Created slice system-getty.slice.
[[0;32m  OK  [0m] Started Getty on tty1.
[[0;32m  OK  [0m] Reached target Login Prompts.
[[0;32m  OK  [0m] Started Authorization Manager.
[[0;32m  OK  [0m] Started LSB: automatic crash report generation.
[[0;32m  OK  [0m] Started Accounts Service.
[[0;32m  OK  [0m] Started Hostname Service.
[[0;32m  OK  [0m] Started Virtualbox guest utils.
[[0;32m  OK  [0m] Started LXD - container startup/shutdown.
[[0;32m  OK  [0m] Started Snap Daemon.
         Starting Wait until snapd is fully seeded...
         Starting Time & Date Service...
[[0;32m  OK  [0m] Started Time & Date Service.
[[0;32m  OK  [0m] Started Wait until snapd is fully seeded.
         Starting Apply the settings specified in cloud-config...
[  694.412540] cloud-init[1257]: Cloud-init v. 23.1.2-0ubuntu0~18.04.1 running 'modules:config' at Fri, 31 Jan 2025 10:01:41 +0000. Up 694.35 seconds.
[[0;32m  OK  [0m] Started Apply the settings specified in cloud-config.
[[0;32m  OK  [0m] Reached target Multi-User System.
[[0;32m  OK  [0m] Reached target Graphical Interface.
         Starting Update UTMP about System Runlevel Changes...
         Starting Execute cloud user/final scripts...
[[0;32m  OK  [0m] Started Update UTMP about System Runlevel Changes.
[  694.780837] cloud-init[1301]: Cloud-init v. 23.1.2-0ubuntu0~18.04.1 running 'modules:final' at Fri, 31 Jan 2025 10:01:41 +0000. Up 694.64 seconds.
[  694.783890] cloud-init[1301]: Cloud-init v. 23.1.2-0ubuntu0~18.04.1 finished at Fri, 31 Jan 2025 10:01:41 +0000. Datasource DataSourceNoCloud [seed=/dev/sdb][dsmode=net].  Up 694.77 seconds
[[0;32m  OK  [0m] Started Execute cloud user/final scripts.
[[0;32m  OK  [0m] Reached target Cloud-init target.
         Starting Daily apt download activities...
         Starting Update APT News...
         Starting Update the local ESM caches...
[[0;32m  OK  [0m] Started Update APT News.

Ubuntu 18.04.6 LTS web03 ttyS0

web03 login: [[0;32m  OK  [0m] Started Daily apt upgrade and clean activities.
[[0;32m  OK  [0m] Started Message of the Day.
         Stopping Session 44 of user vagrant.
[[0;32m  OK  [0m] Stopped target Graphical Interface.
         Stopping Accounts Service...
         Stopping Availability of block devices...
         Stopping Authorization Manager...
[[0;32m  OK  [0m] Stopped target Timers.
[[0;32m  OK  [0m] Stopped Daily apt upgrade and clean activities.
[[0;32m  OK  [0m] Stopped Daily apt download activities.
[[0;32m  OK  [0m] Stopped Daily Cleanup of Temporary Directories.
[[0;32m  OK  [0m] Stopped Message of the Day.
[[0;32m  OK  [0m] Stopped target Cloud-init target.
[[0;32m  OK  [0m] Stopped Discard unused blocks once a week.
[[0;32m  OK  [0m] Stopped target System Time Synchronized.
[[0;32m  OK  [0m] Closed Load/Save RF Kill Switch Status /dev/rfkill Watch.
         Stopping User Manager for UID 1000...
[[0;32m  OK  [0m] Stopped Ubuntu Advantage Timer for running repeated jobs.
[[0;32m  OK  [0m] Stopped Execute cloud user/final scripts.
[[0;32m  OK  [0m] Stopped Apply the settings specified in cloud-config.
[[0;32m  OK  [0m] Stopped target Cloud-config availability.
[[0;32m  OK  [0m] Stopped target Multi-User System.
         Stopping LXD - container startup/shutdown...
         Stopping irqbalance daemon...
         Stopping LSB: Record successful boot for GRUB...
         Stopping Regular background program processing daemon...
         Stopping The Apache HTTP Server...
         Stopping D-Bus System Message Bus...
         Stopping Dispatcher daemon for systemd-networkd...
         Stopping FUSE filesystem for LXC...
         Stopping System Logging Service...
         Stopping LSB: automatic crash report generation...
[[0;32m  OK  [0m] Stopped Wait until snapd is fully seeded.
         Stopping Virtualbox guest utils...
         Stopping OpenBSD Secure Shell server...
         Stopping Deferred execution scheduler...
[[0;32m  OK  [0m] Stopped target Login Prompts.
         Stopping Serial Getty on ttyS0...
         Stopping Getty on tty1...
[[0;32m  OK  [0m] Unmounted /var/lib/lxcfs.
[[0;32m  OK  [0m] Stopped Dispatcher daemon for systemd-networkd.
[[0;32m  OK  [0m] Stopped Regular background program processing daemon.
[[0;32m  OK  [0m] Stopped Accounts Service.
[[0;32m  OK  [0m] Stopped Deferred execution scheduler.
[[0;32m  OK  [0m] Stopped irqbalance daemon.
[[0;32m  OK  [0m] Stopped Authorization Manager.
[[0;32m  OK  [0m] Stopped Serial Getty on ttyS0.
[[0;32m  OK  [0m] Stopped OpenBSD Secure Shell server.
[[0;32m  OK  [0m] Stopped Getty on tty1.
[[0;32m  OK  [0m] Stopped System Logging Service.
[[0;32m  OK  [0m] Stopped User Manager for UID 1000.
[[0;32m  OK  [0m] Stopped D-Bus System Message Bus.
[[0;32m  OK  [0m] Stopped Session 44 of user vagrant.
[[0;32m  OK  [0m] Removed slice User Slice of vagrant.
         Stopping Login Service...
[[0;32m  OK  [0m] Removed slice system-getty.slice.
         Stopping Permit User Sessions...
[[0;32m  OK  [0m] Stopped target Login Prompts (Pre).
[[0;32m  OK  [0m] Removed slice system-serial\x2dgetty.slice.
[[0;32m  OK  [0m] Stopped FUSE filesystem for LXC.
[[0;32m  OK  [0m] Stopped Availability of block devices.
[[0;32m  OK  [0m] Stopped LXD - container startup/shutdown.
[[0;32m  OK  [0m] Stopped Permit User Sessions.
[[0;32m  OK  [0m] Stopped The Apache HTTP Server.
[[0;32m  OK  [0m] Stopped LSB: Record successful boot for GRUB.
[[0;32m  OK  [0m] Stopped target Host and Network Name Lookups.
[[0;32m  OK  [0m] Stopped LSB: automatic crash report generation.
[[0;32m  OK  [0m] Stopped target Remote File Systems.
         Unmounting /vagrant...
[[0;32m  OK  [0m] Stopped Virtualbox guest utils.
[[0;32m  OK  [0m] Stopped Login Service.
[[0;32m  OK  [0m] Stopped target Basic System.
[[0;32m  OK  [0m] Stopped target Paths.
[[0;32m  OK  [0m] Stopped ACPI Events Check.
[[0;32m  OK  [0m] Stopped target Sockets.
[[0;32m  OK  [0m] Closed UUID daemon activation socket.
[[0;32m  OK  [0m] Closed Syslog Socket.
[[0;32m  OK  [0m] Closed Open-iSCSI iscsid Socket.
[[0;32m  OK  [0m] Closed Socket activation for snappy daemon.
[[0;32m  OK  [0m] Closed LXD - unix socket.
[[0;32m  OK  [0m] Closed cloud-init hotplug hook socket.
[[0;32m  OK  [0m] Closed ACPID Listen Socket.
[[0;32m  OK  [0m] Stopped target Slices.
[[0;32m  OK  [0m] Stopped target User and Group Name Lookups.
[[0;32m  OK  [0m] Closed D-Bus System Message Bus Socket.
[[0;32m  OK  [0m] Stopped target System Initialization.
         Stopping Update UTMP about System Boot/Shutdown...
         Stopping Load/Save Random Seed...
[[0;32m  OK  [0m] Stopped target Local Encrypted Volumes.
[[0;32m  OK  [0m] Stopped Forward Password Requests to Wall Directory Watch.
[[0;32m  OK  [0m] Stopped Dispatch Password Requests to Console Directory Watch.
[[0;32m  OK  [0m] Removed slice User and Session Slice.
[[0;32m  OK  [0m] Unmounted /vagrant.
[[0;32m  OK  [0m] Stopped Load/Save Random Seed.
[[0;32m  OK  [0m] Stopped target Remote File Systems (Pre).
[[0;32m  OK  [0m] Stopped target Network is Online.
[[0;32m  OK  [0m] Stopped Initial cloud-init job (metadata service crawler).
[[0;32m  OK  [0m] Stopped Wait for Network to be Configured.
[[0;32m  OK  [0m] Stopped target Network.
         Stopping Network Name Resolution...
[[0;32m  OK  [0m] Stopped Update UTMP about System Boot/Shutdown.
[[0;32m  OK  [0m] Stopped Network Name Resolution.
[[0;32m  OK  [0m] Stopped Create Volatile Files and Directories.
[[0;32m  OK  [0m] Stopped target Local File Systems.
[[0;32m  OK  [0m] Stopped target Mounted snaps.
[[0;32m  OK  [0m] Stopped target Mounting snaps.
         Unmounting /run/user/1000...
         Stopping Network Service...
[[0;32m  OK  [0m] Unmounted /run/user/1000.
[[0;32m  OK  [0m] Reached target Unmount All Filesystems.
[[0;32m  OK  [0m] Stopped target Swap.
[[0;32m  OK  [0m] Stopped target Local File Systems (Pre).
         Stopping Monitoring of LVM2 mirrors…ng dmeventd or progress polling...
[[0;32m  OK  [0m] Stopped Create Static Device Nodes in /dev.
[[0;32m  OK  [0m] Stopped Monitoring of LVM2 mirrors,…sing dmeventd or progress polling.
         Stopping LVM2 metadata daemon...
[[0;32m  OK  [0m] Stopped LVM2 metadata daemon.
[[0;32m  OK  [0m] Stopped Network Service.
[[0;32m  OK  [0m] Stopped Apply Kernel Variables.
[[0;32m  OK  [0m] Stopped Load Kernel Modules.
[[0;32m  OK  [0m] Stopped target Network (Pre).
[[0;32m  OK  [0m] Stopped Initial cloud-init job (pre-networking).
[[0;32m  OK  [0m] Stopped Remount Root and Kernel File Systems.
[[0;32m  OK  [0m] Reached target Shutdown.
[[0;32m  OK  [0m] Reached target Final Step.
         Starting Power-Off...
[ 3919.082669] reboot: Power down
